
  <title>entry</title>
  
<div>hello world</div>
<script type="text/javascript" src="/entry.js"></script>